[33mThe CJS build of Vite's Node API is deprecated. See https://vite.dev/guide/troubleshooting.html#vite-cjs-node-api-deprecated for more details.[39m

 RUN  v1.6.1 /Users/somam/game/new-kirara-academy

stdout | packages/domain/test/repro_post_revert.test.ts > Post-Revert Bug Reproduction > Bug 2: Growth Node Selection should unlock the CORRECT node
[DEBUG] Item Reward calculated {
  resources: {},
  lobbyGain: 0,
  lobbyReturn: 0,
  growthGain: 1,
  growthLoss: 0,
  creativityCost: 0,
  vpGain: 0
}

 ✓ packages/domain/test/repro_post_revert.test.ts  (3 tests) 3ms

 Test Files  1 passed (1)
      Tests  3 passed (3)
   Start at  11:18:31
   Duration  446ms (transform 108ms, setup 0ms, collect 107ms, tests 3ms, environment 0ms, prepare 116ms)

